Command Line Terminal Linux (GitBash commands)

1) Посмотреть где я.  pwd
$ pwd
/d Нахожусь на диске d
2) Создать папку.   mkdir
$ mkdir test Создана папка на диске d с названием test
3) Зайти в папку.   cd /Путь
$ cd /d/test Зашла в папку test на диске d
4) Создать 3 папки.
$ mkdir test1 test2 test3 В папке test на диске d создано 3 папки, с названиями test1 test2 test3 
5) Зайти в любую папку.
$ cd /d/test/test1 Зашла в папку test1 
6) Создать 5 файлов (2 txt, 3 json).   touch
$ touch 1.txt 2.txt 3.json 4.json 5.json Созданы файлы в форматах 2 txt, 3 json
7) Создать 3 папки.
$ mkdir 1 2 3 Созданы папки на диске /d/test/test1 с названием 1, 2, 3
8) Вывести список содержимого папки.   ls
$ ls
1/  1.txt  2/  2.txt  3/  3.json  4.json  5.json Список содержимого папки  test1
9) + Открыть любой txt файл.  open НазваниеФайла
Или (если Windows): start .
$ start 1.txt Открыт файл 1.txt 
10) + написать туда что-нибудь, любой текст.
Внесен текст в файл 1.txt 
11) + сохранить и выйти.     :wq
$ :wq
bash: :wq: command not found Файл сохранен и закрыт вручную, командой не удалось выполнить, даже при нажатии.
12) Выйти из папки на уровень выше.  cd ../
$ cd ../ Переместилась в папку /d/test
13) Переместить любые 2 файла, которые вы создали, в любую другую папку.   mv
Win10@DESKTOP-KGQV87U MINGW64 /d/test
$ cd /d/test/test1

Win10@DESKTOP-KGQV87U MINGW64 /d/test/test1
$ mv 1.txt 2.txt /d/test/test2 Выполнила возврат в папку /d/test/test1 и переместила файлы 1.txt 2.txt в папку /d/test/test2 
14) Скопировать любые 2 файла, которые вы создали, в любую другую папку.   cp
$ cp 3.json 4.json /d/test/test2 Файлы 3.json 4.json скопированы в /d/test/test2
15) Найти файл по имени.  find . -name «НазваниеФайла*»
Win10@DESKTOP-KGQV87U MINGW64 /d/test/test1
$ find . -name "3.json"
./3.json Я так понимаю нашел файл 3.json, только в той папке которой нахожусь /d/test/test1
16) Посмотреть содержимое в реальном.   tail
 Ничего не происходит, программа зависла.
17) Вывести несколько первых строк из текстового файла.  head -5 НазваниеФайла.формат
Win10@DESKTOP-KGQV87U MINGW64 /d/test/test2
$ head -5 1.txt
«Когда вас вдохновляет какая-то великая цель, какой-то необычный проект, все ваши мысли разрушают их узы». – Патанджали, ок. 200 – ок. 150 гг. до н.э.
Вывела первые строки из текстового файла 1.txt
18) Вывести несколько последних строк из текстового файла.  tail -5 НазваниеФайла.формат
Win10@DESKTOP-KGQV87U MINGW64 /d/test/test2
$ tail -1 1.txt
«Когда вас вдохновляет какая-то великая цель, какой-то необычный проект, все ваши мысли разрушают их узы». – Патанджали, ок. 200 – ок. 150 гг. до н.э.
Вывела последнии строки из текстового файла 1.txt
19) Посмотреть содержимое длинного файла (команда less) изучите как она работает.   less НазваниеФайла.формат
Win10@DESKTOP-KGQV87U MINGW64 /d/test/test2
$ less 1.txt
Программа зависла.
20) Вывести дату и время.  date
=========
Win10@DESKTOP-KGQV87U MINGW64 ~
$ date
Mon Oct 24 10:37:17 RTZ 2022
Вышла дата и время.
21) Сделать папку dir_1.
$ mkdir dir_1 Создана папка dir_1 на /d/test/test2
22) Зайти в папку dir_1.
$ cd /d/test/test2/dir_1 Зашла в папку  dir_1
23) Создать папку inner_dir_1.
$ mkdir inner_dir_1 Cоздана папка inner_dir_1 на /d/test/test2/dir_1
24) Посмотреть где ты находишься.
$ pwd
/d/test/test2/dir_1 Нахожусь в этой папке
25) Находясь в папке dir_1 создать пустой текстовый файл tf_1.txt.
$ mkdir tf_1.txt Создан файл
26) Находясь в папке dir_1 через команду cat создать текстовый файл tf_2.txt со следующими строками:
- the first 1
- the second 2
- the third 3
cat > НазваниеФайла
$ cat > tf_2.txt 
- the first 1
- the second 2
- the third 3
Создался файл со строками. Но закрыть эту команду не удалось, пришлось заново запускать гитбаш
27) Зайти в папку inner_dir_1.
$ cd /d/test/test2/dir_1/inner_dir_1 Зашла в папку
28) Через cat сделать текстовый файл tf_3.txt  c любыми строками.
$ cat > tf_3.txt 
Привет
12356
hello
Создался файл со строками. Но закрыть эту команду не удалось, пришлось заново запускать гитбаш
 29) Через cat добавить в текстовый файл tf_3.txt строку “the second 2”.
 30) Через cat добавить в текстовый файл tf_3.txt строку “the sec 2”.
 31) Через cat добавить в текстовый файл tf_3.txt строку “the SeCoNd 2”.
===(29-31)
cat >> НазваниеФайла
$ cat >> tf_3.txt
“the second 2”
“the sec 2”
“the SeCoNd 2”
Создались строки в файле. Но закрыть эту команду не удалось, пришлось заново запускать гитбаш
 32) Через cat добавить в текстовый файл tf_2.txt строку “the sec 3”.
 33) Через cat добавить в текстовый файл tf_2.txt строку “the seConD 2”.
===(32-33)
cat >> ../НазваниеФайла
$ cat >> ../tf_2.txt
“the sec 3”
“the seConD 2”
Создались строки в файле. Но закрыть эту команду не удалось, пришлось заново запускать гитбаш
34) Сделать текстовый файл tf_4.txt в котором будет 15 строк.
$ cat > tf_4.txt 
1
2
3
а
ва
ва
в
ва
в
в
ва
ва
в
вп
ва
Создался файл со строками. Но закрыть эту команду не удалось, пришлось заново запускать гитбаш
35) Сделать текстовый файл tF_5.txt в котором будет 13 строк.
$ cat > tF_5.txt 
1
2
3
а
ва
ва
в
ва
в
в
ва
ва
в
Создался файл со строками. Но закрыть эту команду не удалось, пришлось заново запускать гитбаш
36) Вывести список всех файлов в папке.   ls
$ ls
tf_4.txt  tF_5.txt.txt  tf_3.txt
Вывелся список содержимого /d/test/test2/dir_1/inner_dir_1
37) Выйти из папки inner_dir_1.
$ cd ../ Вышла в папку н уровень выше /d/test/test2/dir_1
38) Вывести содержимое файла tf_3.txt в терминал.   tail Путь/tf_3.txt
$ tail /d/test/test2/dir_1/inner_dir_1/tf_3.txt
Привет
12356
hello
 stash
: stash
   :wq
“the second 2”
“the sec 2”
“the SeCoNd 2” Вывелась информация о записях в файле
39) Найти путь к файлу tf_4.txt.
$ pwd tf_4.txt
/d/test/test2/dir_1 Нашел путь в котором находится файл
40) Очистить файл tf_4.txt от содержимого без удаления самого файла.
$ cat /dev/null > tf_4.txt
Очистила содержимое файла
41) Найти путь к файлам у которых есть  “tf” в названии.
$ find / -name "tf*"
find: ‘/tmp/WinSAT’: Permission denied
/usr/share/vim/vim82/indent/tf.vim
/usr/share/vim/vim82/syntax/tf.vim
Вывел, но не все или вообще не те файлы
42) Найти путь к файлам у которых есть  “tf” в названии и буквы в любом регистре.
$ grep -l  “tf”
Ничего не происходит, программа зависла
43) Найти строки в файлах где есть комбинация букв “sec” в текущей папке.
$ grep -iw “sec”
Ничего не происходит, программа зависла
44) Найти строки в файлах где есть комбинация букв “sec” в любом регистре в текущей папке.
$ grep -iw “sec”
Ничего не происходит, программа зависла
45) Найти строки в файлах где есть только комбинация букв “sec” в текущей папке.
$ grep -iw “sec”
Ничего не происходит, программа зависла
46) Найти строки в файлах где есть только комбинация букв “sec” в любом регистре в текущей папке.  grep -iw
$ grep -iw “sec”
Ничего не происходит, программа зависла
47) Найти строки в файлах где есть комбинация букв “second” в текущей папке.
$ grep -i “second”
Ничего не происходит, программа зависла
48) Найти строки в файлах где есть комбинация букв “second” в любом регистре в текущей папке.   grep -i
$ grep -i “second”
Ничего не происходит, программа зависла
49) Найти строки в файлах где есть комбинация букв “second” во всех папках ниже уровнем. grep -r
$ grep -r “second”
Ничего не происходит, программа зависла
50) Найти только путь и название файла в строках, у которых есть комбинация букв “second” в текущей папке.   grep -l
$ grep -l “second”
Ничего не происходит, программа зависла
51) Найти все строки во всех файлах где нет комбинации “second”.   grep -r -v
$ grep -r -v “second”
Нашел кучу расположений файлов\строк. Больше 2-х часов выводил строки, я прервала, т.к уж очень долго.
52) Найти только название и путь к файлам, где нет комбинации “second”.   grep -l -r -v
$ grep -l -r -v “second”
Нашел кучу названий и путей к файлам. Больше 40 мин. выводил пути\названия, я прервала, т.к уж очень долго. Например такие AppData/Local/Microsoft/Edge/User Data/Default/Cache/Cache_Data/f_000101
53) Вывести в терминал 4 последних строк любого текстового файла.
$ tail -n 4 tf_2.txt
:wq

“the sec 3”
“the seConD 2”
Вывела 4 последнии строки текстового файла  tf_2.txt
54) Вывести в терминал 4 первые строки любого текстового файла.
$ head -n 4 tf_2.txt
- the first 1
- the second 2
- the third 3
Привет
Вывела 4 первые строки текстового файла  tf_2.txt
55) Просто вывести в терминал строку “Good job!!”.   Echo
echo “Good job!!”
echo “Good jobhead -n 4 tf_2.txt”
“Good jobhead -n 4 tf_2.txt”
Вышел отчет о хорошей работе по последней команде
